Input Text: Mr. Smith went to the U.S.A. for a vacation. He enjoyed the sun and the beach. The U.S.A. is a large country with many sights. However, Dr. Jones stayed home. It was a very productive week for Dr. Jones. In conclusion, both had a good time.
Summary (2 sentences): However, Dr. Jones stayed home. In conclusion, both had a good time.

Long Text Summary: The artificial intelligence field is growing rapidly. NLP allows machines to understand human speech. We must ensure that these systems remain aligned with human values.
